MPLINK 4.49, Linker
Linker Map File - Created Fri May 23 12:56:39 2014

                                 Section Info
                  Section       Type    Address   Location Size(Bytes)
                ---------  ---------  ---------  ---------  ---------
                   .org_0       code   0x000000    program   0x000000
                   .org_1       code   0x000000    program   0x00008c
.config_2007_YENI METIN BELGESI.O       code   0x002007    program   0x000002



                              Program Memory Usage 
                               Start         End      
                           ---------   ---------      
                            0x000000    0x000045      
                            0x002007    0x002007      
            71 out of 1094 program addresses used, program memory utilization is 6%



                              Symbols - Sorted by Name
                     Name    Address   Location    Storage File                     
                ---------  ---------  ---------  --------- ---------                
                    ASAGI   0x000019    program     static C:\Documents and Settings\Mikrolab01\Desktop\serkut\Yeni Metin Belgesi.asm
              BUTTONTEST1   0x000005    program     static C:\Documents and Settings\Mikrolab01\Desktop\serkut\Yeni Metin Belgesi.asm
              BUTTONTEST2   0x000008    program     static C:\Documents and Settings\Mikrolab01\Desktop\serkut\Yeni Metin Belgesi.asm
                   DONGU1   0x00000b    program     static C:\Documents and Settings\Mikrolab01\Desktop\serkut\Yeni Metin Belgesi.asm
                   DONGU2   0x000012    program     static C:\Documents and Settings\Mikrolab01\Desktop\serkut\Yeni Metin Belgesi.asm
                   DONGU3   0x00003f    program     static C:\Documents and Settings\Mikrolab01\Desktop\serkut\Yeni Metin Belgesi.asm
                   DONGU4   0x000041    program     static C:\Documents and Settings\Mikrolab01\Desktop\serkut\Yeni Metin Belgesi.asm
                  GECIKME   0x00003d    program     static C:\Documents and Settings\Mikrolab01\Desktop\serkut\Yeni Metin Belgesi.asm
                   YUKARI   0x00002b    program     static C:\Documents and Settings\Mikrolab01\Desktop\serkut\Yeni Metin Belgesi.asm



                              Symbols - Sorted by Address
                     Name    Address   Location    Storage File                     
                ---------  ---------  ---------  --------- ---------                
              BUTTONTEST1   0x000005    program     static C:\Documents and Settings\Mikrolab01\Desktop\serkut\Yeni Metin Belgesi.asm
              BUTTONTEST2   0x000008    program     static C:\Documents and Settings\Mikrolab01\Desktop\serkut\Yeni Metin Belgesi.asm
                   DONGU1   0x00000b    program     static C:\Documents and Settings\Mikrolab01\Desktop\serkut\Yeni Metin Belgesi.asm
                   DONGU2   0x000012    program     static C:\Documents and Settings\Mikrolab01\Desktop\serkut\Yeni Metin Belgesi.asm
                    ASAGI   0x000019    program     static C:\Documents and Settings\Mikrolab01\Desktop\serkut\Yeni Metin Belgesi.asm
                   YUKARI   0x00002b    program     static C:\Documents and Settings\Mikrolab01\Desktop\serkut\Yeni Metin Belgesi.asm
                  GECIKME   0x00003d    program     static C:\Documents and Settings\Mikrolab01\Desktop\serkut\Yeni Metin Belgesi.asm
                   DONGU3   0x00003f    program     static C:\Documents and Settings\Mikrolab01\Desktop\serkut\Yeni Metin Belgesi.asm
                   DONGU4   0x000041    program     static C:\Documents and Settings\Mikrolab01\Desktop\serkut\Yeni Metin Belgesi.asm


